10 20 30 20 30 40 30 20 10
4 2 8 3 2 8 4 8 9
1 10 20 80 21 87 22 80 9
