P3
10 4
255
1 2 3 1 2 3 1 2 3 1 2 3 
1 2 3 1 2 3 1 2 3 1 2 3 
200 10 20 200 10 20 1 2 3 1 2 3 
200 10 20 200 10 20 1 2 3 1 2 3 
200 10 20 200 10 20 1 77 3 1 77 3 
200 10 20 200 10 20 1 77 3 1 77 3 
200 10 20 200 10 20 1 88 3 1 88 3 
200 10 20 200 10 20 1 88 3 1 88 3 
200 10 20 200 10 20 1 2 99 1 2 99 
200 10 20 200 10 20 1 2 99 1 2 99 