[254, 254, 254]
[254, 254, 254]
[254, 254, 254]
[254, 254, 254]
[254, 254, 254]
[254, 254, 254]
[254, 254, 254]
[254, 254, 254]
[250, 250, 250]
[251, 251, 251]
[253, 253, 253]
[251, 251, 251]
[251, 251, 251]
[252, 252, 252]
[254, 254, 254]
[254, 254, 254]
[253, 253, 253]
[253, 253, 253]
[253, 253, 253]
[253, 253, 253]
[252, 252, 252]
[252, 252, 252]
[253, 253, 253]
[253, 253, 253]
[254, 254, 254]
[254, 254, 254]
[253, 253, 253]
[253, 253, 253]
[253, 253, 253]
[254, 254, 254]
[253, 253, 253]
[252, 252, 252]
[253, 253, 253]
[254, 254, 254]
[254, 254, 254]
[254, 254, 254]
[254, 254, 254]
[254, 254, 254]
[254, 254, 254]
[254, 254, 254]
[254, 254, 254]
[254, 254, 254]
[254, 254, 254]
[254, 254, 254]
[255, 255, 255]
[255, 255, 255]
[255, 255, 255]
[255, 255, 255]
[255, 255, 255]
[244, 244, 244]
[254, 254, 254]
[254, 254, 254]
[254, 254, 254]
[254, 254, 254]
[254, 254, 254]
[254, 254, 254]
[254, 254, 254]
[254, 254, 254]
[252, 252, 252]
[252, 252, 252]
[253, 253, 253]
[253, 253, 253]
[253, 253, 253]
[253, 253, 253]
[253, 253, 253]
[252, 252, 252]
[253, 253, 253]
[251, 251, 251]
[247, 247, 247]
[249, 249, 249]
[253, 253, 253]
[253, 253, 253]
[254, 254, 254]
[250, 250, 250]
[253, 253, 253]
[254, 254, 254]
[253, 253, 253]
[253, 253, 253]
[253, 253, 253]
[254, 254, 254]
[253, 253, 253]
[253, 253, 253]
[253, 253, 253]
[254, 254, 254]
[254, 254, 254]
[254, 254, 254]
[254, 254, 254]
[254, 254, 254]
[254, 254, 254]
[254, 254, 254]
[254, 254, 254]
[254, 254, 254]
[254, 254, 254]
[254, 254, 254]
[255, 255, 255]
[255, 255, 255]
[255, 255, 255]
[255, 255, 255]
[255, 255, 255]
[244, 244, 244]
[254, 254, 254]
[254, 254, 254]
[254, 254, 254]
[254, 254, 254]
[254, 254, 254]
[254, 254, 254]
[254, 254, 254]
[254, 254, 254]
[250, 250, 250]
[251, 251, 251]
[252, 252, 252]
[253, 253, 253]
[252, 252, 252]
[251, 251, 251]
[251, 251, 251]
[252, 252, 252]
[249, 249, 249]
[252, 252, 252]
[247, 247, 247]
[247, 247, 247]
[252, 252, 252]
[252, 252, 252]
[253, 253, 253]
[249, 249, 249]
[252, 252, 252]
[253, 253, 253]
[253, 253, 253]
[254, 254, 254]
[254, 254, 254]
[254, 254, 254]
[254, 254, 254]
[253, 253, 253]
[254, 254, 254]
[254, 254, 254]
[254, 254, 254]
[254, 254, 254]
[254, 254, 254]
[254, 254, 254]
[254, 254, 254]
[254, 254, 254]
[254, 254, 254]
[254, 254, 254]
[254, 254, 254]
[254, 254, 254]
[255, 255, 255]
[255, 255, 255]
[255, 255, 255]
[255, 255, 255]
[255, 255, 255]
[244, 244, 244]
[254, 254, 254]
[254, 254, 254]
[254, 254, 254]
[254, 254, 254]
[254, 254, 254]
[254, 254, 254]
[254, 254, 254]
[254, 254, 254]
[249, 249, 249]
[251, 251, 251]
[253, 253, 253]
[253, 253, 253]
[251, 251, 251]
[253, 253, 253]
[250, 250, 250]
[249, 249, 249]
[247, 247, 247]
[249, 249, 249]
[253, 253, 253]
[253, 253, 253]
[253, 253, 253]
[252, 252, 252]
[251, 251, 251]
[252, 252, 252]
[252, 252, 252]
[252, 252, 252]
[252, 252, 252]
[253, 253, 253]
[254, 254, 254]
[254, 254, 254]
[254, 254, 254]
[254, 254, 254]
[254, 254, 254]
[254, 254, 254]
[254, 254, 254]
[254, 254, 254]
[254, 254, 254]
[254, 254, 254]
[254, 254, 254]
[254, 254, 254]
[254, 254, 254]
[254, 254, 254]
[254, 254, 254]
[254, 254, 254]
[255, 255, 255]
[255, 255, 255]
[255, 255, 255]
[255, 255, 255]
[255, 255, 255]
[244, 244, 244]
[254, 254, 254]
[254, 254, 254]
[254, 254, 254]
[254, 254, 254]
[254, 254, 254]
[254, 254, 254]
[254, 254, 254]
[254, 254, 254]
[251, 251, 251]
[253, 253, 253]
[254, 254, 254]
[253, 253, 253]
[252, 252, 252]
[248, 248, 248]
[250, 250, 250]
[248, 248, 248]
[248, 248, 248]
[251, 251, 251]
[251, 251, 251]
[253, 253, 253]
[250, 250, 250]
[250, 250, 250]
[249, 249, 249]
[250, 250, 250]
[252, 252, 252]
[252, 252, 252]
[253, 253, 253]
[254, 254, 254]
[254, 254, 254]
[254, 254, 254]
[254, 254, 254]
[254, 254, 254]
[255, 255, 255]
[255, 255, 255]
[255, 255, 255]
[255, 255, 255]
[254, 254, 254]
[254, 254, 254]
[254, 254, 254]
[254, 254, 254]
[254, 254, 254]
[254, 254, 254]
[254, 254, 254]
[254, 254, 254]
[255, 255, 255]
[255, 255, 255]
[255, 255, 255]
[255, 255, 255]
[255, 255, 255]
[244, 244, 244]
[254, 254, 254]
[254, 254, 254]
[254, 254, 254]
[254, 254, 254]
[254, 254, 254]
[254, 254, 254]
[254, 254, 254]
[254, 254, 254]
[254, 254, 254]
[253, 253, 253]
[252, 252, 252]
[251, 251, 251]
[249, 249, 249]
[253, 253, 253]
[252, 252, 252]
[251, 251, 251]
[242, 242, 242]
[249, 249, 249]
[253, 253, 253]
[250, 250, 250]
[252, 252, 252]
[251, 251, 251]
[248, 248, 248]
[252, 252, 252]
[252, 252, 252]
[254, 254, 254]
[250, 250, 250]
[253, 253, 253]
[254, 254, 254]
[254, 254, 254]
[254, 254, 254]
[254, 254, 254]
[255, 255, 255]
[255, 255, 255]
[255, 255, 255]
[255, 255, 255]
[254, 254, 254]
[254, 254, 254]
[254, 254, 254]
[254, 254, 254]
[254, 254, 254]
[254, 254, 254]
[254, 254, 254]
[254, 254, 254]
[255, 255, 255]
[255, 255, 255]
[255, 255, 255]
[255, 255, 255]
[255, 255, 255]
[244, 244, 244]
[254, 254, 254]
[254, 254, 254]
[254, 254, 254]
[254, 254, 254]
[254, 254, 254]
[254, 254, 254]
[254, 254, 254]
[254, 254, 254]
[254, 254, 254]
[252, 252, 252]
[253, 253, 253]
[253, 253, 253]
[250, 250, 250]
[211, 211, 211]
[186, 186, 186]
[220, 220, 220]
[249, 249, 249]
[245, 245, 245]
[248, 248, 248]
[252, 252, 252]
[228, 228, 228]
[222, 222, 222]
[248, 248, 248]
[247, 247, 247]
[250, 250, 250]
[248, 248, 248]
[253, 253, 253]
[251, 251, 251]
[254, 254, 254]
[254, 254, 254]
[254, 254, 254]
[254, 254, 254]
[255, 255, 255]
[255, 255, 255]
[255, 255, 255]
[255, 255, 255]
[254, 254, 254]
[254, 254, 254]
[254, 254, 254]
[254, 254, 254]
[254, 254, 254]
[254, 254, 254]
[254, 254, 254]
[254, 254, 254]
[255, 255, 255]
[255, 255, 255]
[255, 255, 255]
[255, 255, 255]
[255, 255, 255]
[244, 244, 244]
[254, 254, 254]
[254, 254, 254]
[254, 254, 254]
[254, 254, 254]
[254, 254, 254]
[254, 254, 254]
[254, 254, 254]
[254, 254, 254]
[252, 252, 252]
[255, 255, 255]
[234, 234, 234]
[200, 200, 200]
[250, 250, 250]
[165, 165, 165]
[110, 110, 110]
[113, 113, 113]
[187, 187, 187]
[255, 255, 255]
[253, 253, 253]
[243, 243, 243]
[126, 126, 126]
[117, 117, 117]
[157, 157, 157]
[247, 247, 247]
[218, 218, 218]
[183, 183, 183]
[255, 255, 255]
[251, 251, 251]
[254, 254, 254]
[254, 254, 254]
[254, 254, 254]
[255, 255, 255]
[255, 255, 255]
[255, 255, 255]
[255, 255, 255]
[255, 255, 255]
[254, 254, 254]
[254, 254, 254]
[254, 254, 254]
[254, 254, 254]
[254, 254, 254]
[254, 254, 254]
[254, 254, 254]
[254, 254, 254]
[255, 255, 255]
[255, 255, 255]
[255, 255, 255]
[255, 255, 255]
[255, 255, 255]
[244, 244, 244]
[248, 248, 248]
[251, 251, 251]
[249, 249, 249]
[252, 252, 252]
[251, 251, 251]
[250, 250, 250]
[247, 247, 247]
[254, 254, 254]
[206, 206, 206]
[201, 201, 201]
[193, 193, 193]
[126, 126, 126]
[122, 122, 122]
[158, 158, 158]
[143, 143, 143]
[121, 121, 121]
[104, 104, 104]
[191, 191, 191]
[250, 250, 250]
[183, 183, 183]
[121, 121, 121]
[129, 129, 129]
[115, 115, 115]
[128, 128, 128]
[170, 170, 170]
[132, 132, 132]
[177, 177, 177]
[247, 247, 247]
[240, 240, 240]
[251, 251, 251]
[238, 238, 238]
[217, 217, 217]
[243, 243, 243]
[246, 246, 246]
[250, 250, 250]
[251, 251, 251]
[252, 252, 252]
[249, 249, 249]
[248, 248, 248]
[249, 249, 249]
[251, 251, 251]
[253, 253, 253]
[253, 253, 253]
[253, 253, 253]
[253, 253, 253]
[254, 254, 254]
[254, 254, 254]
[254, 254, 254]
[255, 255, 255]
[244, 244, 244]
[253, 253, 253]
[253, 253, 253]
[252, 252, 252]
[252, 252, 252]
[249, 249, 249]
[248, 248, 248]
[251, 251, 251]
[255, 255, 255]
[147, 147, 147]
[94, 94, 94]
[80, 80, 80]
[104, 104, 104]
[114, 114, 114]
[107, 107, 107]
[112, 112, 112]
[139, 139, 139]
[128, 128, 128]
[108, 108, 108]
[143, 143, 143]
[108, 108, 108]
[117, 117, 117]
[120, 120, 120]
[113, 113, 113]
[92, 92, 92]
[93, 93, 93]
[136, 136, 136]
[120, 120, 120]
[214, 214, 214]
[254, 254, 254]
[219, 219, 219]
[137, 137, 137]
[105, 105, 105]
[174, 174, 174]
[254, 254, 254]
[252, 252, 252]
[248, 248, 248]
[252, 252, 252]
[252, 252, 252]
[249, 249, 249]
[252, 252, 252]
[253, 253, 253]
[253, 253, 253]
[253, 253, 253]
[253, 253, 253]
[253, 253, 253]
[254, 254, 254]
[254, 254, 254]
[254, 254, 254]
[255, 255, 255]
[244, 244, 244]
[251, 251, 251]
[250, 250, 250]
[247, 247, 247]
[252, 252, 252]
[250, 250, 250]
[249, 249, 249]
[242, 242, 242]
[202, 202, 202]
[168, 168, 168]
[131, 131, 131]
[97, 97, 97]
[80, 80, 80]
[124, 124, 124]
[110, 110, 110]
[84, 84, 84]
[126, 126, 126]
[134, 134, 134]
[131, 131, 131]
[109, 109, 109]
[96, 96, 96]
[117, 117, 117]
[118, 118, 118]
[107, 107, 107]
[88, 88, 88]
[88, 88, 88]
[125, 125, 125]
[129, 129, 129]
[137, 137, 137]
[237, 237, 237]
[135, 135, 135]
[118, 118, 118]
[117, 117, 117]
[128, 128, 128]
[252, 252, 252]
[252, 252, 252]
[248, 248, 248]
[246, 246, 246]
[250, 250, 250]
[250, 250, 250]
[248, 248, 248]
[253, 253, 253]
[254, 254, 254]
[254, 254, 254]
[254, 254, 254]
[254, 254, 254]
[254, 254, 254]
[254, 254, 254]
[254, 254, 254]
[255, 255, 255]
[244, 244, 244]
[252, 252, 252]
[249, 249, 249]
[247, 247, 247]
[253, 253, 253]
[249, 249, 249]
[236, 236, 236]
[214, 214, 214]
[122, 122, 122]
[112, 112, 112]
[130, 130, 130]
[116, 116, 116]
[79, 79, 79]
[94, 94, 94]
[127, 127, 127]
[94, 94, 94]
[95, 95, 95]
[125, 125, 125]
[132, 132, 132]
[126, 126, 126]
[117, 117, 117]
[119, 119, 119]
[114, 114, 114]
[102, 102, 102]
[79, 79, 79]
[66, 66, 66]
[124, 124, 124]
[126, 126, 126]
[120, 120, 120]
[149, 149, 149]
[107, 107, 107]
[118, 118, 118]
[116, 116, 116]
[109, 109, 109]
[254, 254, 254]
[251, 251, 251]
[252, 252, 252]
[248, 248, 248]
[252, 252, 252]
[251, 251, 251]
[252, 252, 252]
[253, 253, 253]
[254, 254, 254]
[254, 254, 254]
[254, 254, 254]
[254, 254, 254]
[254, 254, 254]
[254, 254, 254]
[253, 253, 253]
[255, 255, 255]
[244, 244, 244]
[250, 250, 250]
[250, 250, 250]
[253, 253, 253]
[254, 254, 254]
[186, 186, 186]
[104, 104, 104]
[100, 100, 100]
[113, 113, 113]
[135, 135, 135]
[124, 124, 124]
[125, 125, 125]
[104, 104, 104]
[67, 67, 67]
[99, 99, 99]
[118, 118, 118]
[67, 67, 67]
[113, 113, 113]
[133, 133, 133]
[133, 133, 133]
[129, 129, 129]
[122, 122, 122]
[111, 111, 111]
[102, 102, 102]
[78, 78, 78]
[41, 41, 41]
[118, 118, 118]
[115, 115, 115]
[103, 103, 103]
[103, 103, 103]
[97, 97, 97]
[98, 98, 98]
[100, 100, 100]
[128, 128, 128]
[252, 252, 252]
[228, 228, 228]
[201, 201, 201]
[220, 220, 220]
[244, 244, 244]
[252, 252, 252]
[250, 250, 250]
[253, 253, 253]
[252, 252, 252]
[254, 254, 254]
[254, 254, 254]
[254, 254, 254]
[254, 254, 254]
[253, 253, 253]
[253, 253, 253]
[255, 255, 255]
[244, 244, 244]
[252, 252, 252]
[251, 251, 251]
[253, 253, 253]
[252, 252, 252]
[230, 230, 230]
[82, 82, 82]
[83, 83, 83]
[65, 65, 65]
[120, 120, 120]
[123, 123, 123]
[125, 125, 125]
[123, 123, 123]
[79, 79, 79]
[69, 69, 69]
[113, 113, 113]
[92, 92, 92]
[77, 77, 77]
[125, 125, 125]
[126, 126, 126]
[132, 132, 132]
[124, 124, 124]
[113, 113, 113]
[101, 101, 101]
[81, 81, 81]
[40, 40, 40]
[99, 99, 99]
[98, 98, 98]
[87, 87, 87]
[96, 96, 96]
[85, 85, 85]
[82, 82, 82]
[95, 95, 95]
[124, 124, 124]
[174, 174, 174]
[119, 119, 119]
[122, 122, 122]
[120, 120, 120]
[155, 155, 155]
[229, 229, 229]
[250, 250, 250]
[252, 252, 252]
[253, 253, 253]
[251, 251, 251]
[255, 255, 255]
[254, 254, 254]
[254, 254, 254]
[253, 253, 253]
[253, 253, 253]
[255, 255, 255]
[244, 244, 244]
[252, 252, 252]
[252, 252, 252]
[251, 251, 251]
[248, 248, 248]
[134, 134, 134]
[90, 90, 90]
[77, 77, 77]
[65, 65, 65]
[88, 88, 88]
[115, 115, 115]
[125, 125, 125]
[117, 117, 117]
[100, 100, 100]
[62, 62, 62]
[74, 74, 74]
[106, 106, 106]
[74, 74, 74]
[90, 90, 90]
[129, 129, 129]
[131, 131, 131]
[127, 127, 127]
[116, 116, 116]
[102, 102, 102]
[85, 85, 85]
[53, 53, 53]
[80, 80, 80]
[87, 87, 87]
[87, 87, 87]
[81, 81, 81]
[79, 79, 79]
[79, 79, 79]
[98, 98, 98]
[113, 113, 113]
[112, 112, 112]
[112, 112, 112]
[106, 106, 106]
[126, 126, 126]
[126, 126, 126]
[231, 231, 231]
[251, 251, 251]
[248, 248, 248]
[253, 253, 253]
[254, 254, 254]
[250, 250, 250]
[254, 254, 254]
[254, 254, 254]
[253, 253, 253]
[253, 253, 253]
[255, 255, 255]
[244, 244, 244]
[250, 250, 250]
[248, 248, 248]
[252, 252, 252]
[205, 205, 205]
[104, 104, 104]
[97, 97, 97]
[104, 104, 104]
[130, 130, 130]
[128, 128, 128]
[132, 132, 132]
[120, 120, 120]
[108, 108, 108]
[109, 109, 109]
[91, 91, 91]
[58, 58, 58]
[96, 96, 96]
[95, 95, 95]
[74, 74, 74]
[115, 115, 115]
[132, 132, 132]
[126, 126, 126]
[119, 119, 119]
[101, 101, 101]
[85, 85, 85]
[67, 67, 67]
[66, 66, 66]
[83, 83, 83]
[91, 91, 91]
[74, 74, 74]
[78, 78, 78]
[89, 89, 89]
[100, 100, 100]
[102, 102, 102]
[103, 103, 103]
[104, 104, 104]
[104, 104, 104]
[119, 119, 119]
[182, 182, 182]
[209, 209, 209]
[193, 193, 193]
[223, 223, 223]
[252, 252, 252]
[249, 249, 249]
[253, 253, 253]
[254, 254, 254]
[254, 254, 254]
[253, 253, 253]
[253, 253, 253]
[255, 255, 255]
[244, 244, 244]
[252, 252, 252]
[250, 250, 250]
[249, 249, 249]
[197, 197, 197]
[108, 108, 108]
[107, 107, 107]
[98, 98, 98]
[84, 84, 84]
[107, 107, 107]
[122, 122, 122]
[122, 122, 122]
[115, 115, 115]
[112, 112, 112]
[104, 104, 104]
[81, 81, 81]
[63, 63, 63]
[101, 101, 101]
[91, 91, 91]
[80, 80, 80]
[123, 123, 123]
[126, 126, 126]
[131, 131, 131]
[116, 116, 116]
[83, 83, 83]
[67, 67, 67]
[58, 58, 58]
[78, 78, 78]
[93, 93, 93]
[83, 83, 83]
[79, 79, 79]
[87, 87, 87]
[96, 96, 96]
[89, 89, 89]
[89, 89, 89]
[94, 94, 94]
[99, 99, 99]
[111, 111, 111]
[138, 138, 138]
[105, 105, 105]
[102, 102, 102]
[111, 111, 111]
[203, 203, 203]
[251, 251, 251]
[252, 252, 252]
[253, 253, 253]
[253, 253, 253]
[252, 252, 252]
[248, 248, 248]
[254, 254, 254]
[244, 244, 244]
[249, 249, 249]
[250, 250, 250]
[248, 248, 248]
[247, 247, 247]
[160, 160, 160]
[82, 82, 82]
[85, 85, 85]
[76, 76, 76]
[55, 55, 55]
[73, 73, 73]
[106, 106, 106]
[118, 118, 118]
[111, 111, 111]
[106, 106, 106]
[105, 105, 105]
[86, 86, 86]
[80, 80, 80]
[109, 109, 109]
[78, 78, 78]
[96, 96, 96]
[130, 130, 130]
[128, 128, 128]
[119, 119, 119]
[88, 88, 88]
[62, 62, 62]
[48, 48, 48]
[74, 74, 74]
[87, 87, 87]
[85, 85, 85]
[76, 76, 76]
[87, 87, 87]
[91, 91, 91]
[83, 83, 83]
[84, 84, 84]
[88, 88, 88]
[93, 93, 93]
[89, 89, 89]
[94, 94, 94]
[99, 99, 99]
[109, 109, 109]
[177, 177, 177]
[254, 254, 254]
[251, 251, 251]
[237, 237, 237]
[253, 253, 253]
[251, 251, 251]
[253, 253, 253]
[253, 253, 253]
[255, 255, 255]
[244, 244, 244]
[249, 249, 249]
[251, 251, 251]
[235, 235, 235]
[194, 194, 194]
[182, 182, 182]
[111, 111, 111]
[79, 79, 79]
[76, 76, 76]
[62, 62, 62]
[54, 54, 54]
[59, 59, 59]
[81, 81, 81]
[100, 100, 100]
[108, 108, 108]
[108, 108, 108]
[113, 113, 113]
[93, 93, 93]
[91, 91, 91]
[107, 107, 107]
[80, 80, 80]
[113, 113, 113]
[126, 126, 126]
[114, 114, 114]
[87, 87, 87]
[57, 57, 57]
[44, 44, 44]
[66, 66, 66]
[88, 88, 88]
[80, 80, 80]
[75, 75, 75]
[88, 88, 88]
[83, 83, 83]
[78, 78, 78]
[80, 80, 80]
[82, 82, 82]
[84, 84, 84]
[88, 88, 88]
[86, 86, 86]
[107, 107, 107]
[189, 189, 189]
[239, 239, 239]
[246, 246, 246]
[250, 250, 250]
[252, 252, 252]
[249, 249, 249]
[248, 248, 248]
[251, 251, 251]
[250, 250, 250]
[255, 255, 255]
[244, 244, 244]
[248, 248, 248]
[192, 192, 192]
[95, 95, 95]
[75, 75, 75]
[85, 85, 85]
[103, 103, 103]
[103, 103, 103]
[104, 104, 104]
[105, 105, 105]
[87, 87, 87]
[63, 63, 63]
[47, 47, 47]
[54, 54, 54]
[85, 85, 85]
[113, 113, 113]
[124, 124, 124]
[119, 119, 119]
[104, 104, 104]
[103, 103, 103]
[106, 106, 106]
[91, 91, 91]
[122, 122, 122]
[123, 123, 123]
[100, 100, 100]
[85, 85, 85]
[48, 48, 48]
[83, 83, 83]
[87, 87, 87]
[76, 76, 76]
[80, 80, 80]
[83, 83, 83]
[76, 76, 76]
[76, 76, 76]
[80, 80, 80]
[81, 81, 81]
[81, 81, 81]
[86, 86, 86]
[91, 91, 91]
[120, 120, 120]
[128, 128, 128]
[131, 131, 131]
[143, 143, 143]
[170, 170, 170]
[231, 231, 231]
[252, 252, 252]
[245, 245, 245]
[249, 249, 249]
[251, 251, 251]
[255, 255, 255]
[244, 244, 244]
[245, 245, 245]
[125, 125, 125]
[87, 87, 87]
[78, 78, 78]
[86, 86, 86]
[98, 98, 98]
[112, 112, 112]
[116, 116, 116]
[127, 127, 127]
[117, 117, 117]
[97, 97, 97]
[76, 76, 76]
[59, 59, 59]
[58, 58, 58]
[79, 79, 79]
[113, 113, 113]
[120, 120, 120]
[124, 124, 124]
[104, 104, 104]
[101, 101, 101]
[108, 108, 108]
[113, 113, 113]
[104, 104, 104]
[99, 99, 99]
[86, 86, 86]
[87, 87, 87]
[94, 94, 94]
[93, 93, 93]
[82, 82, 82]
[85, 85, 85]
[78, 78, 78]
[81, 81, 81]
[81, 81, 81]
[80, 80, 80]
[81, 81, 81]
[85, 85, 85]
[84, 84, 84]
[85, 85, 85]
[94, 94, 94]
[108, 108, 108]
[123, 123, 123]
[124, 124, 124]
[124, 124, 124]
[129, 129, 129]
[225, 225, 225]
[250, 250, 250]
[249, 249, 249]
[250, 250, 250]
[255, 255, 255]
[244, 244, 244]
[245, 245, 245]
[245, 245, 245]
[191, 191, 191]
[132, 132, 132]
[81, 81, 81]
[91, 91, 91]
[89, 89, 89]
[96, 96, 96]
[110, 110, 110]
[120, 120, 120]
[124, 124, 124]
[122, 122, 122]
[113, 113, 113]
[91, 91, 91]
[70, 70, 70]
[58, 58, 58]
[109, 109, 109]
[128, 128, 128]
[118, 118, 118]
[108, 108, 108]
[94, 94, 94]
[97, 97, 97]
[93, 93, 93]
[78, 78, 78]
[80, 80, 80]
[77, 77, 77]
[84, 84, 84]
[85, 85, 85]
[94, 94, 94]
[92, 92, 92]
[73, 73, 73]
[77, 77, 77]
[80, 80, 80]
[80, 80, 80]
[80, 80, 80]
[80, 80, 80]
[80, 80, 80]
[83, 83, 83]
[88, 88, 88]
[96, 96, 96]
[110, 110, 110]
[126, 126, 126]
[128, 128, 128]
[119, 119, 119]
[153, 153, 153]
[250, 250, 250]
[253, 253, 253]
[253, 253, 253]
[255, 255, 255]
[244, 244, 244]
[252, 252, 252]
[250, 250, 250]
[249, 249, 249]
[212, 212, 212]
[130, 130, 130]
[126, 126, 126]
[111, 111, 111]
[82, 82, 82]
[66, 66, 66]
[85, 85, 85]
[112, 112, 112]
[129, 129, 129]
[130, 130, 130]
[123, 123, 123]
[101, 101, 101]
[77, 77, 77]
[98, 98, 98]
[114, 114, 114]
[120, 120, 120]
[93, 93, 93]
[76, 76, 76]
[82, 82, 82]
[78, 78, 78]
[73, 73, 73]
[64, 64, 64]
[61, 61, 61]
[66, 66, 66]
[81, 81, 81]
[88, 88, 88]
[87, 87, 87]
[87, 87, 87]
[72, 72, 72]
[73, 73, 73]
[76, 76, 76]
[76, 76, 76]
[74, 74, 74]
[76, 76, 76]
[79, 79, 79]
[80, 80, 80]
[89, 89, 89]
[108, 108, 108]
[108, 108, 108]
[98, 98, 98]
[117, 117, 117]
[241, 241, 241]
[250, 250, 250]
[251, 251, 251]
[250, 250, 250]
[254, 254, 254]
[244, 244, 244]
[251, 251, 251]
[252, 252, 252]
[246, 246, 246]
[217, 217, 217]
[146, 146, 146]
[128, 128, 128]
[127, 127, 127]
[130, 130, 130]
[130, 130, 130]
[106, 106, 106]
[85, 85, 85]
[76, 76, 76]
[90, 90, 90]
[109, 109, 109]
[127, 127, 127]
[130, 130, 130]
[113, 113, 113]
[115, 115, 115]
[107, 107, 107]
[79, 79, 79]
[85, 85, 85]
[72, 72, 72]
[64, 64, 64]
[42, 42, 42]
[29, 29, 29]
[17, 17, 17]
[38, 38, 38]
[52, 52, 52]
[78, 78, 78]
[95, 95, 95]
[90, 90, 90]
[70, 70, 70]
[76, 76, 76]
[72, 72, 72]
[72, 72, 72]
[72, 72, 72]
[74, 74, 74]
[78, 78, 78]
[82, 82, 82]
[104, 104, 104]
[125, 125, 125]
[158, 158, 158]
[169, 169, 169]
[172, 172, 172]
[149, 149, 149]
[247, 247, 247]
[246, 246, 246]
[248, 248, 248]
[255, 255, 255]
[244, 244, 244]
[250, 250, 250]
[250, 250, 250]
[247, 247, 247]
[252, 252, 252]
[255, 255, 255]
[251, 251, 251]
[233, 233, 233]
[217, 217, 217]
[196, 196, 196]
[197, 197, 197]
[136, 136, 136]
[110, 110, 110]
[101, 101, 101]
[111, 111, 111]
[128, 128, 128]
[136, 136, 136]
[118, 118, 118]
[113, 113, 113]
[97, 97, 97]
[69, 69, 69]
[89, 89, 89]
[74, 74, 74]
[82, 82, 82]
[33, 33, 33]
[14, 14, 14]
[13, 13, 13]
[11, 11, 11]
[43, 43, 43]
[68, 68, 68]
[75, 75, 75]
[113, 113, 113]
[79, 79, 79]
[81, 81, 81]
[70, 70, 70]
[67, 67, 67]
[68, 68, 68]
[77, 77, 77]
[77, 77, 77]
[79, 79, 79]
[87, 87, 87]
[96, 96, 96]
[107, 107, 107]
[142, 142, 142]
[170, 170, 170]
[161, 161, 161]
[206, 206, 206]
[255, 255, 255]
[244, 244, 244]
[254, 254, 254]
[243, 243, 243]
[251, 251, 251]
[253, 253, 253]
[253, 253, 253]
[252, 252, 252]
[252, 252, 252]
[253, 253, 253]
[253, 253, 253]
[251, 251, 251]
[250, 250, 250]
[170, 170, 170]
[125, 125, 125]
[122, 122, 122]
[117, 117, 117]
[119, 119, 119]
[115, 115, 115]
[115, 115, 115]
[111, 111, 111]
[106, 106, 106]
[91, 91, 91]
[63, 63, 63]
[68, 68, 68]
[81, 81, 81]
[84, 84, 84]
[34, 34, 34]
[11, 11, 11]
[43, 43, 43]
[19, 19, 19]
[21, 21, 21]
[66, 66, 66]
[88, 88, 88]
[97, 97, 97]
[77, 77, 77]
[67, 67, 67]
[64, 64, 64]
[67, 67, 67]
[74, 74, 74]
[77, 77, 77]
[79, 79, 79]
[81, 81, 81]
[84, 84, 84]
[85, 85, 85]
[86, 86, 86]
[94, 94, 94]
[114, 114, 114]
[126, 126, 126]
[127, 127, 127]
[197, 197, 197]
[252, 252, 252]
[254, 254, 254]
[243, 243, 243]
[254, 254, 254]
[253, 253, 253]
[253, 253, 253]
[253, 253, 253]
[251, 251, 251]
[249, 249, 249]
[252, 252, 252]
[246, 246, 246]
[175, 175, 175]
[109, 109, 109]
[109, 109, 109]
[101, 101, 101]
[84, 84, 84]
[78, 78, 78]
[89, 89, 89]
[89, 89, 89]
[94, 94, 94]
[102, 102, 102]
[101, 101, 101]
[86, 86, 86]
[76, 76, 76]
[82, 82, 82]
[105, 105, 105]
[84, 84, 84]
[75, 75, 75]
[51, 51, 51]
[26, 26, 26]
[81, 81, 81]
[66, 66, 66]
[80, 80, 80]
[97, 97, 97]
[114, 114, 114]
[81, 81, 81]
[73, 73, 73]
[69, 69, 69]
[71, 71, 71]
[70, 70, 70]
[74, 74, 74]
[78, 78, 78]
[81, 81, 81]
[83, 83, 83]
[91, 91, 91]
[100, 100, 100]
[116, 116, 116]
[125, 125, 125]
[124, 124, 124]
[107, 107, 107]
[195, 195, 195]
[254, 254, 254]
[244, 244, 244]
[253, 253, 253]
[253, 253, 253]
[254, 254, 254]
[251, 251, 251]
[250, 250, 250]
[254, 254, 254]
[222, 222, 222]
[109, 109, 109]
[67, 67, 67]
[64, 64, 64]
[59, 59, 59]
[57, 57, 57]
[72, 72, 72]
[111, 111, 111]
[120, 120, 120]
[110, 110, 110]
[117, 117, 117]
[117, 117, 117]
[114, 114, 114]
[110, 110, 110]
[93, 93, 93]
[81, 81, 81]
[68, 68, 68]
[80, 80, 80]
[100, 100, 100]
[76, 76, 76]
[74, 74, 74]
[88, 88, 88]
[113, 113, 113]
[92, 92, 92]
[99, 99, 99]
[108, 108, 108]
[76, 76, 76]
[74, 74, 74]
[75, 75, 75]
[76, 76, 76]
[79, 79, 79]
[79, 79, 79]
[81, 81, 81]
[81, 81, 81]
[79, 79, 79]
[88, 88, 88]
[91, 91, 91]
[93, 93, 93]
[94, 94, 94]
[144, 144, 144]
[208, 208, 208]
[236, 236, 236]
[252, 252, 252]
[245, 245, 245]
[253, 253, 253]
[253, 253, 253]
[253, 253, 253]
[253, 253, 253]
[253, 253, 253]
[237, 237, 237]
[88, 88, 88]
[78, 78, 78]
[70, 70, 70]
[53, 53, 53]
[43, 43, 43]
[51, 51, 51]
[106, 106, 106]
[133, 133, 133]
[128, 128, 128]
[120, 120, 120]
[120, 120, 120]
[119, 119, 119]
[119, 119, 119]
[116, 116, 116]
[110, 110, 110]
[94, 94, 94]
[78, 78, 78]
[81, 81, 81]
[87, 87, 87]
[84, 84, 84]
[81, 81, 81]
[82, 82, 82]
[100, 100, 100]
[102, 102, 102]
[122, 122, 122]
[79, 79, 79]
[73, 73, 73]
[74, 74, 74]
[74, 74, 74]
[76, 76, 76]
[78, 78, 78]
[85, 85, 85]
[87, 87, 87]
[85, 85, 85]
[91, 91, 91]
[79, 79, 79]
[71, 71, 71]
[71, 71, 71]
[97, 97, 97]
[121, 121, 121]
[149, 149, 149]
[240, 240, 240]
[251, 251, 251]
[243, 243, 243]
[253, 253, 253]
[253, 253, 253]
[252, 252, 252]
[253, 253, 253]
[253, 253, 253]
[146, 146, 146]
[78, 78, 78]
[85, 85, 85]
[75, 75, 75]
[57, 57, 57]
[47, 47, 47]
[61, 61, 61]
[125, 125, 125]
[130, 130, 130]
[133, 133, 133]
[128, 128, 128]
[119, 119, 119]
[109, 109, 109]
[105, 105, 105]
[113, 113, 113]
[120, 120, 120]
[106, 106, 106]
[97, 97, 97]
[88, 88, 88]
[97, 97, 97]
[83, 83, 83]
[82, 82, 82]
[99, 99, 99]
[97, 97, 97]
[114, 114, 114]
[90, 90, 90]
[77, 77, 77]
[79, 79, 79]
[82, 82, 82]
[84, 84, 84]
[83, 83, 83]
[85, 85, 85]
[82, 82, 82]
[82, 82, 82]
[87, 87, 87]
[96, 96, 96]
[98, 98, 98]
[88, 88, 88]
[87, 87, 87]
[107, 107, 107]
[121, 121, 121]
[125, 125, 125]
[139, 139, 139]
[219, 219, 219]
[237, 237, 237]
[252, 252, 252]
[253, 253, 253]
[253, 253, 253]
[254, 254, 254]
[253, 253, 253]
[138, 138, 138]
[98, 98, 98]
[84, 84, 84]
[76, 76, 76]
[65, 65, 65]
[62, 62, 62]
[72, 72, 72]
[103, 103, 103]
[103, 103, 103]
[96, 96, 96]
[105, 105, 105]
[113, 113, 113]
[113, 113, 113]
[117, 117, 117]
[122, 122, 122]
[119, 119, 119]
[112, 112, 112]
[95, 95, 95]
[105, 105, 105]
[101, 101, 101]
[88, 88, 88]
[88, 88, 88]
[98, 98, 98]
[93, 93, 93]
[78, 78, 78]
[72, 72, 72]
[75, 75, 75]
[81, 81, 81]
[84, 84, 84]
[84, 84, 84]
[85, 85, 85]
[84, 84, 84]
[88, 88, 88]
[90, 90, 90]
[91, 91, 91]
[96, 96, 96]
[103, 103, 103]
[109, 109, 109]
[99, 99, 99]
[82, 82, 82]
[158, 158, 158]
[211, 211, 211]
[186, 186, 186]
[168, 168, 168]
[235, 235, 235]
[253, 253, 253]
[253, 253, 253]
[254, 254, 254]
[254, 254, 254]
[253, 253, 253]
[249, 249, 249]
[94, 94, 94]
[61, 61, 61]
[45, 45, 45]
[49, 49, 49]
[82, 82, 82]
[88, 88, 88]
[65, 65, 65]
[53, 53, 53]
[57, 57, 57]
[117, 117, 117]
[121, 121, 121]
[125, 125, 125]
[127, 127, 127]
[125, 125, 125]
[117, 117, 117]
[86, 86, 86]
[64, 64, 64]
[97, 97, 97]
[108, 108, 108]
[98, 98, 98]
[95, 95, 95]
[86, 86, 86]
[85, 85, 85]
[101, 101, 101]
[86, 86, 86]
[73, 73, 73]
[62, 62, 62]
[71, 71, 71]
[84, 84, 84]
[93, 93, 93]
[91, 91, 91]
[86, 86, 86]
[88, 88, 88]
[97, 97, 97]
[102, 102, 102]
[109, 109, 109]
[121, 121, 121]
[117, 117, 117]
[148, 148, 148]
[251, 251, 251]
[244, 244, 244]
[245, 245, 245]
[247, 247, 247]
[240, 240, 240]
[253, 253, 253]
[253, 253, 253]
[252, 252, 252]
[253, 253, 253]
[253, 253, 253]
[249, 249, 249]
[59, 59, 59]
[85, 85, 85]
[81, 81, 81]
[99, 99, 99]
[126, 126, 126]
[112, 112, 112]
[102, 102, 102]
[78, 78, 78]
[63, 63, 63]
[103, 103, 103]
[129, 129, 129]
[126, 126, 126]
[119, 119, 119]
[112, 112, 112]
[96, 96, 96]
[62, 62, 62]
[46, 46, 46]
[78, 78, 78]
[108, 108, 108]
[102, 102, 102]
[102, 102, 102]
[98, 98, 98]
[75, 75, 75]
[69, 69, 69]
[99, 99, 99]
[97, 97, 97]
[82, 82, 82]
[70, 70, 70]
[64, 64, 64]
[81, 81, 81]
[93, 93, 93]
[102, 102, 102]
[101, 101, 101]
[82, 82, 82]
[78, 78, 78]
[99, 99, 99]
[119, 119, 119]
[129, 129, 129]
[128, 128, 128]
[213, 213, 213]
[251, 251, 251]
[246, 246, 246]
[251, 251, 251]
[243, 243, 243]
[253, 253, 253]
[254, 254, 254]
[252, 252, 252]
[252, 252, 252]
[252, 252, 252]
[249, 249, 249]
[200, 200, 200]
[207, 207, 207]
[237, 237, 237]
[250, 250, 250]
[240, 240, 240]
[216, 216, 216]
[219, 219, 219]
[100, 100, 100]
[53, 53, 53]
[80, 80, 80]
[99, 99, 99]
[95, 95, 95]
[92, 92, 92]
[97, 97, 97]
[98, 98, 98]
[72, 72, 72]
[47, 47, 47]
[53, 53, 53]
[99, 99, 99]
[106, 106, 106]
[108, 108, 108]
[104, 104, 104]
[76, 76, 76]
[40, 40, 40]
[60, 60, 60]
[97, 97, 97]
[102, 102, 102]
[95, 95, 95]
[83, 83, 83]
[67, 67, 67]
[85, 85, 85]
[94, 94, 94]
[106, 106, 106]
[104, 104, 104]
[72, 72, 72]
[71, 71, 71]
[109, 109, 109]
[124, 124, 124]
[132, 132, 132]
[146, 146, 146]
[238, 238, 238]
[250, 250, 250]
[255, 255, 255]
[243, 243, 243]
[253, 253, 253]
[253, 253, 253]
[254, 254, 254]
[252, 252, 252]
[253, 253, 253]
[252, 252, 252]
[252, 252, 252]
[248, 248, 248]
[246, 246, 246]
[254, 254, 254]
[252, 252, 252]
[240, 240, 240]
[240, 240, 240]
[83, 83, 83]
[71, 71, 71]
[66, 66, 66]
[56, 56, 56]
[88, 88, 88]
[109, 109, 109]
[120, 120, 120]
[109, 109, 109]
[80, 80, 80]
[52, 52, 52]
[40, 40, 40]
[73, 73, 73]
[115, 115, 115]
[118, 118, 118]
[112, 112, 112]
[91, 91, 91]
[47, 47, 47]
[41, 41, 41]
[53, 53, 53]
[91, 91, 91]
[119, 119, 119]
[110, 110, 110]
[75, 75, 75]
[81, 81, 81]
[84, 84, 84]
[105, 105, 105]
[134, 134, 134]
[78, 78, 78]
[107, 107, 107]
[100, 100, 100]
[116, 116, 116]
[130, 130, 130]
[123, 123, 123]
[210, 210, 210]
[248, 248, 248]
[255, 255, 255]
[244, 244, 244]
[253, 253, 253]
[254, 254, 254]
[254, 254, 254]
[253, 253, 253]
[248, 248, 248]
[245, 245, 245]
[247, 247, 247]
[247, 247, 247]
[249, 249, 249]
[247, 247, 247]
[251, 251, 251]
[246, 246, 246]
[245, 245, 245]
[112, 112, 112]
[92, 92, 92]
[80, 80, 80]
[64, 64, 64]
[117, 117, 117]
[126, 126, 126]
[127, 127, 127]
[107, 107, 107]
[80, 80, 80]
[51, 51, 51]
[37, 37, 37]
[54, 54, 54]
[91, 91, 91]
[123, 123, 123]
[122, 122, 122]
[108, 108, 108]
[52, 52, 52]
[40, 40, 40]
[43, 43, 43]
[55, 55, 55]
[101, 101, 101]
[127, 127, 127]
[82, 82, 82]
[81, 81, 81]
[97, 97, 97]
[85, 85, 85]
[157, 157, 157]
[166, 166, 166]
[102, 102, 102]
[119, 119, 119]
[122, 122, 122]
[149, 149, 149]
[157, 157, 157]
[237, 237, 237]
[251, 251, 251]
[255, 255, 255]
[244, 244, 244]
[252, 252, 252]
[253, 253, 253]
[253, 253, 253]
[253, 253, 253]
[253, 253, 253]
[253, 253, 253]
[250, 250, 250]
[249, 249, 249]
[249, 249, 249]
[252, 252, 252]
[252, 252, 252]
[254, 254, 254]
[249, 249, 249]
[146, 146, 146]
[91, 91, 91]
[97, 97, 97]
[113, 113, 113]
[121, 121, 121]
[125, 125, 125]
[118, 118, 118]
[101, 101, 101]
[81, 81, 81]
[49, 49, 49]
[44, 44, 44]
[55, 55, 55]
[67, 67, 67]
[120, 120, 120]
[127, 127, 127]
[111, 111, 111]
[69, 69, 69]
[49, 49, 49]
[52, 52, 52]
[38, 38, 38]
[74, 74, 74]
[198, 198, 198]
[137, 137, 137]
[91, 91, 91]
[104, 104, 104]
[108, 108, 108]
[101, 101, 101]
[195, 195, 195]
[159, 159, 159]
[100, 100, 100]
[177, 177, 177]
[244, 244, 244]
[248, 248, 248]
[250, 250, 250]
[252, 252, 252]
[255, 255, 255]
[244, 244, 244]
[250, 250, 250]
[252, 252, 252]
[254, 254, 254]
[253, 253, 253]
[252, 252, 252]
[252, 252, 252]
[253, 253, 253]
[253, 253, 253]
[248, 248, 248]
[248, 248, 248]
[251, 251, 251]
[253, 253, 253]
[252, 252, 252]
[241, 241, 241]
[232, 232, 232]
[243, 243, 243]
[246, 246, 246]
[173, 173, 173]
[117, 117, 117]
[100, 100, 100]
[87, 87, 87]
[118, 118, 118]
[55, 55, 55]
[55, 55, 55]
[56, 56, 56]
[76, 76, 76]
[89, 89, 89]
[104, 104, 104]
[104, 104, 104]
[86, 86, 86]
[68, 68, 68]
[58, 58, 58]
[53, 53, 53]
[36, 36, 36]
[137, 137, 137]
[249, 249, 249]
[207, 207, 207]
[129, 129, 129]
[143, 143, 143]
[126, 126, 126]
[130, 130, 130]
[245, 245, 245]
[193, 193, 193]
[225, 225, 225]
[253, 253, 253]
[251, 251, 251]
[243, 243, 243]
[251, 251, 251]
[255, 255, 255]
[244, 244, 244]
[253, 253, 253]
[253, 253, 253]
[254, 254, 254]
[253, 253, 253]
[253, 253, 253]
[252, 252, 252]
[252, 252, 252]
[252, 252, 252]
[252, 252, 252]
[251, 251, 251]
[253, 253, 253]
[251, 251, 251]
[250, 250, 250]
[254, 254, 254]
[253, 253, 253]
[252, 252, 252]
[249, 249, 249]
[248, 248, 248]
[147, 147, 147]
[70, 70, 70]
[90, 90, 90]
[191, 191, 191]
[67, 67, 67]
[52, 52, 52]
[53, 53, 53]
[79, 79, 79]
[85, 85, 85]
[133, 133, 133]
[192, 192, 192]
[88, 88, 88]
[86, 86, 86]
[79, 79, 79]
[49, 49, 49]
[58, 58, 58]
[80, 80, 80]
[229, 229, 229]
[247, 247, 247]
[251, 251, 251]
[188, 188, 188]
[155, 155, 155]
[156, 156, 156]
[247, 247, 247]
[255, 255, 255]
[251, 251, 251]
[247, 247, 247]
[252, 252, 252]
[248, 248, 248]
[249, 249, 249]
[255, 255, 255]
[244, 244, 244]
[253, 253, 253]
[253, 253, 253]
[254, 254, 254]
[252, 252, 252]
[252, 252, 252]
[252, 252, 252]
[253, 253, 253]
[253, 253, 253]
[251, 251, 251]
[254, 254, 254]
[252, 252, 252]
[252, 252, 252]
[252, 252, 252]
[251, 251, 251]
[252, 252, 252]
[252, 252, 252]
[250, 250, 250]
[237, 237, 237]
[100, 100, 100]
[65, 65, 65]
[108, 108, 108]
[233, 233, 233]
[126, 126, 126]
[51, 51, 51]
[52, 52, 52]
[65, 65, 65]
[151, 151, 151]
[242, 242, 242]
[238, 238, 238]
[111, 111, 111]
[77, 77, 77]
[78, 78, 78]
[63, 63, 63]
[71, 71, 71]
[65, 65, 65]
[215, 215, 215]
[247, 247, 247]
[250, 250, 250]
[252, 252, 252]
[245, 245, 245]
[242, 242, 242]
[248, 248, 248]
[247, 247, 247]
[244, 244, 244]
[239, 239, 239]
[249, 249, 249]
[250, 250, 250]
[252, 252, 252]
[255, 255, 255]
[244, 244, 244]
[253, 253, 253]
[253, 253, 253]
[253, 253, 253]
[253, 253, 253]
[252, 252, 252]
[253, 253, 253]
[253, 253, 253]
[254, 254, 254]
[253, 253, 253]
[253, 253, 253]
[252, 252, 252]
[251, 251, 251]
[250, 250, 250]
[252, 252, 252]
[253, 253, 253]
[254, 254, 254]
[247, 247, 247]
[211, 211, 211]
[75, 75, 75]
[70, 70, 70]
[143, 143, 143]
[244, 244, 244]
[255, 255, 255]
[229, 229, 229]
[119, 119, 119]
[107, 107, 107]
[246, 246, 246]
[249, 249, 249]
[251, 251, 251]
[211, 211, 211]
[76, 76, 76]
[76, 76, 76]
[91, 91, 91]
[85, 85, 85]
[70, 70, 70]
[203, 203, 203]
[254, 254, 254]
[253, 253, 253]
[251, 251, 251]
[247, 247, 247]
[250, 250, 250]
[253, 253, 253]
[247, 247, 247]
[250, 250, 250]
[248, 248, 248]
[252, 252, 252]
[252, 252, 252]
[253, 253, 253]
[255, 255, 255]
[244, 244, 244]
[254, 254, 254]
[254, 254, 254]
[254, 254, 254]
[254, 254, 254]
[254, 254, 254]
[254, 254, 254]
[254, 254, 254]
[254, 254, 254]
[254, 254, 254]
[254, 254, 254]
[253, 253, 253]
[253, 253, 253]
[254, 254, 254]
[254, 254, 254]
[254, 254, 254]
[254, 254, 254]
[255, 255, 255]
[139, 139, 139]
[59, 59, 59]
[80, 80, 80]
[195, 195, 195]
[254, 254, 254]
[254, 254, 254]
[252, 252, 252]
[255, 255, 255]
[254, 254, 254]
[252, 252, 252]
[250, 250, 250]
[251, 251, 251]
[255, 255, 255]
[177, 177, 177]
[74, 74, 74]
[84, 84, 84]
[102, 102, 102]
[86, 86, 86]
[196, 196, 196]
[254, 254, 254]
[253, 253, 253]
[252, 252, 252]
[252, 252, 252]
[254, 254, 254]
[254, 254, 254]
[254, 254, 254]
[254, 254, 254]
[254, 254, 254]
[254, 254, 254]
[254, 254, 254]
[254, 254, 254]
[255, 255, 255]
[244, 244, 244]
[254, 254, 254]
[254, 254, 254]
[254, 254, 254]
[254, 254, 254]
[254, 254, 254]
[254, 254, 254]
[254, 254, 254]
[254, 254, 254]
[254, 254, 254]
[254, 254, 254]
[254, 254, 254]
[254, 254, 254]
[254, 254, 254]
[254, 254, 254]
[254, 254, 254]
[255, 255, 255]
[237, 237, 237]
[64, 64, 64]
[65, 65, 65]
[101, 101, 101]
[242, 242, 242]
[252, 252, 252]
[253, 253, 253]
[253, 253, 253]
[252, 252, 252]
[254, 254, 254]
[252, 252, 252]
[251, 251, 251]
[249, 249, 249]
[252, 252, 252]
[248, 248, 248]
[168, 168, 168]
[80, 80, 80]
[99, 99, 99]
[96, 96, 96]
[205, 205, 205]
[254, 254, 254]
[254, 254, 254]
[253, 253, 253]
[252, 252, 252]
[253, 253, 253]
[254, 254, 254]
[254, 254, 254]
[254, 254, 254]
[254, 254, 254]
[254, 254, 254]
[254, 254, 254]
[254, 254, 254]
[255, 255, 255]
[244, 244, 244]
[254, 254, 254]
[254, 254, 254]
[254, 254, 254]
[254, 254, 254]
[254, 254, 254]
[254, 254, 254]
[254, 254, 254]
[254, 254, 254]
[253, 253, 253]
[253, 253, 253]
[254, 254, 254]
[254, 254, 254]
[254, 254, 254]
[254, 254, 254]
[253, 253, 253]
[255, 255, 255]
[161, 161, 161]
[52, 52, 52]
[65, 65, 65]
[170, 170, 170]
[252, 252, 252]
[253, 253, 253]
[253, 253, 253]
[252, 252, 252]
[250, 250, 250]
[251, 251, 251]
[252, 252, 252]
[251, 251, 251]
[249, 249, 249]
[250, 250, 250]
[247, 247, 247]
[247, 247, 247]
[160, 160, 160]
[94, 94, 94]
[104, 104, 104]
[225, 225, 225]
[254, 254, 254]
[254, 254, 254]
[253, 253, 253]
[250, 250, 250]
[253, 253, 253]
[254, 254, 254]
[254, 254, 254]
[254, 254, 254]
[254, 254, 254]
[254, 254, 254]
[254, 254, 254]
[254, 254, 254]
[255, 255, 255]
[244, 244, 244]
[254, 254, 254]
[254, 254, 254]
[254, 254, 254]
[254, 254, 254]
[254, 254, 254]
[254, 254, 254]
[254, 254, 254]
[254, 254, 254]
[253, 253, 253]
[253, 253, 253]
[254, 254, 254]
[254, 254, 254]
[253, 253, 253]
[253, 253, 253]
[250, 250, 250]
[251, 251, 251]
[88, 88, 88]
[67, 67, 67]
[81, 81, 81]
[223, 223, 223]
[253, 253, 253]
[254, 254, 254]
[254, 254, 254]
[252, 252, 252]
[249, 249, 249]
[252, 252, 252]
[251, 251, 251]
[252, 252, 252]
[251, 251, 251]
[248, 248, 248]
[253, 253, 253]
[251, 251, 251]
[250, 250, 250]
[195, 195, 195]
[181, 181, 181]
[249, 249, 249]
[252, 252, 252]
[253, 253, 253]
[252, 252, 252]
[252, 252, 252]
[253, 253, 253]
[254, 254, 254]
[254, 254, 254]
[254, 254, 254]
[254, 254, 254]
[254, 254, 254]
[254, 254, 254]
[254, 254, 254]
[255, 255, 255]
[244, 244, 244]
[254, 254, 254]
[254, 254, 254]
[254, 254, 254]
[254, 254, 254]
[254, 254, 254]
[254, 254, 254]
[254, 254, 254]
[254, 254, 254]
[252, 252, 252]
[253, 253, 253]
[254, 254, 254]
[253, 253, 253]
[251, 251, 251]
[246, 246, 246]
[251, 251, 251]
[191, 191, 191]
[56, 56, 56]
[67, 67, 67]
[129, 129, 129]
[246, 246, 246]
[253, 253, 253]
[253, 253, 253]
[254, 254, 254]
[252, 252, 252]
[253, 253, 253]
[253, 253, 253]
[252, 252, 252]
[252, 252, 252]
[253, 253, 253]
[254, 254, 254]
[253, 253, 253]
[252, 252, 252]
[251, 251, 251]
[253, 253, 253]
[253, 253, 253]
[249, 249, 249]
[250, 250, 250]
[252, 252, 252]
[252, 252, 252]
[253, 253, 253]
[253, 253, 253]
[254, 254, 254]
[254, 254, 254]
[254, 254, 254]
[254, 254, 254]
[254, 254, 254]
[254, 254, 254]
[254, 254, 254]
[255, 255, 255]
[244, 244, 244]
[254, 254, 254]
[254, 254, 254]
[254, 254, 254]
[254, 254, 254]
[254, 254, 254]
[254, 254, 254]
[254, 254, 254]
[254, 254, 254]
[252, 252, 252]
[253, 253, 253]
[254, 254, 254]
[254, 254, 254]
[253, 253, 253]
[249, 249, 249]
[245, 245, 245]
[121, 121, 121]
[61, 61, 61]
[77, 77, 77]
[196, 196, 196]
[247, 247, 247]
[254, 254, 254]
[253, 253, 253]
[253, 253, 253]
[252, 252, 252]
[252, 252, 252]
[253, 253, 253]
[253, 253, 253]
[253, 253, 253]
[253, 253, 253]
[253, 253, 253]
[254, 254, 254]
[251, 251, 251]
[248, 248, 248]
[252, 252, 252]
[252, 252, 252]
[248, 248, 248]
[250, 250, 250]
[252, 252, 252]
[252, 252, 252]
[252, 252, 252]
[253, 253, 253]
[254, 254, 254]
[254, 254, 254]
[254, 254, 254]
[254, 254, 254]
[254, 254, 254]
[254, 254, 254]
[254, 254, 254]
[255, 255, 255]
[244, 244, 244]
[254, 254, 254]
[254, 254, 254]
[254, 254, 254]
[254, 254, 254]
[254, 254, 254]
[254, 254, 254]
[254, 254, 254]
[254, 254, 254]
[251, 251, 251]
[253, 253, 253]
[254, 254, 254]
[254, 254, 254]
[251, 251, 251]
[253, 253, 253]
[218, 218, 218]
[80, 80, 80]
[67, 67, 67]
[97, 97, 97]
[223, 223, 223]
[249, 249, 249]
[253, 253, 253]
[253, 253, 253]
[253, 253, 253]
[251, 251, 251]
[253, 253, 253]
[253, 253, 253]
[251, 251, 251]
[251, 251, 251]
[253, 253, 253]
[253, 253, 253]
[254, 254, 254]
[252, 252, 252]
[250, 250, 250]
[253, 253, 253]
[253, 253, 253]
[249, 249, 249]
[252, 252, 252]
[251, 251, 251]
[253, 253, 253]
[248, 248, 248]
[253, 253, 253]
[254, 254, 254]
[254, 254, 254]
[254, 254, 254]
[254, 254, 254]
[254, 254, 254]
[254, 254, 254]
[254, 254, 254]
[255, 255, 255]
[244, 244, 244]
[254, 254, 254]
[254, 254, 254]
[254, 254, 254]
[254, 254, 254]
[255, 255, 255]
[255, 255, 255]
[255, 255, 255]
[255, 255, 255]
[253, 253, 253]
[254, 254, 254]
[253, 253, 253]
[254, 254, 254]
[253, 253, 253]
[254, 254, 254]
[183, 183, 183]
[55, 55, 55]
[72, 72, 72]
[141, 141, 141]
[246, 246, 246]
[253, 253, 253]
[253, 253, 253]
[253, 253, 253]
[253, 253, 253]
[253, 253, 253]
[254, 254, 254]
[253, 253, 253]
[252, 252, 252]
[253, 253, 253]
[254, 254, 254]
[255, 255, 255]
[255, 255, 255]
[254, 254, 254]
[253, 253, 253]
[253, 253, 253]
[253, 253, 253]
[253, 253, 253]
[253, 253, 253]
[253, 253, 253]
[254, 254, 254]
[252, 252, 252]
[253, 253, 253]
[254, 254, 254]
[254, 254, 254]
[254, 254, 254]
[254, 254, 254]
[254, 254, 254]
[254, 254, 254]
[254, 254, 254]
[255, 255, 255]
[244, 244, 244]
