2 3 4   4 5 6   9 7 5   2 5 2
4 4 3   7 5 5   6 5 4   6 3 2   
9 3 3   8 4 5   6 5 3   4 5 7 
3 2 5   6 7 8   8 6 3   4 3 2
