2 3 4   4 5 6   9 7 5   2 5 2
3 4 5   7 5 7   6 5 4   4 4 3 
9 5 1   8 5 3   6 5 4   4 3 3 
3 2 5   6 7 8   8 6 3   4 3 2
