[| 3, 6, 9
 | 3, 6, 9
 | 3, 6, 9 |]
[| 3.000000, 6.000000, 9.000000
 | 3.000000, 6.000000, 9.000000
 | 3.000000, 6.000000, 9.000000 |]
