5.000000
11.400000
35.760000
38.400000
34.220000
201.980000
1111.320000
1333.540000
39.600000
57.300000
35.800000
76.440000
22.220000
44.440000
66.660000
88.880000
199.120000
24.640000
28.240000
32.340000
