675  321  432  323
321  432  987  456
789  211  313  856
